### 第17章 其它数据库日志

除了发现错误，日志在数据复制、数据恢复、[操作](https://so.csdn.net/so/search?q=操作&spm=1001.2101.3001.7020)审计，以及确保数据的永久性和一致性等方面，都有着不可替代的作用。

MySQL8.0官网日志地址: https://dev.mysql.com/doc/refman/8.0/en/server-logs.html

#### **1. MySQL支持的日志**

##### **1.1** **日志类型** 

MySQL有不同类型的日志文件，用来存储不同类型的日志，分为`二进制日志`、`错误日志`、`通用查询日志`和`慢查询日志`，这也是常用的4种。MySQL 8又新增两种支持的日志：`中继日志`和`数据定义语句日志`。使用这些日志文件，可以查看MySQL内部发生的事情。

- **慢查询日志：**记录所有执行时间超过long_query_time的所有查询，方便我们对查询进行优化。

- **通用查询日志：**记录所有连接的起始时间和终止时间，以及连接发送给数据库服务器的所有指令，对我们复原操作的实际场景、发现问题，甚至是对数据库操作的审计都有很大的帮助。

- **错误日志：**记录MySQL服务的启动、运行或停止MySQL服务时出现的问题，方便我们了解服务器的状态，从而对服务器进行维护。

- **二进制日志：**记录所有更改数据的语句，可以用于主从服务器之间的数据同步，以及服务器遇到故障时数据的无损失恢复。

- **中继日志：**用于**主从服务器架构**中，从服务器用来存放主服务器二进制日志内容的一个中间文件。从服务器通过读取中继日志的内容，来同步主服务器上的操作。

- **数据定义语句日志：**记录数据定义语句执行的元数据操作。

除二进制日志外，其他日志都是`文本文件`。默认情况下，所有日志创建于`MySQL数据目录`中。

##### **1.2** **日志的弊端**

- 日志功能会`降低MySQL数据库的性能`。

- 日志会`占用大量的磁盘空间`。

#### **2.** **通用查询日志(general query log)**

通用查询日志用来`记录用户的所有操作`，包括启动和关闭MySQL服务、所有用户的连接开始时间和截止时间、发给 MySQL 数据库服务器的所有 SQL 指令等。当我们的数据发生异常时，**查看通用查询日志，还原操作时的具体场景**，可以帮助我们准确定位问题。

##### **2.1** **查看当前状态** 

```mysql
mysql> SHOW VARIABLES LIKE '%general%';
```

```mysql
mysql> SHOW VARIABLES LIKE '%general%';
+------------------+------------------------------+
| Variable_name    | Value                        |
+------------------+------------------------------+
| general_log      | OFF                          |
| general_log_file | /var/lib/mysql/hadoop102.log |
+------------------+------------------------------+
2 rows in set (0.00 sec)

```

- 说明1∶系统变量general_log的值是OFF，即通用查询日志处于关闭状态。在MySQL中，这个参数的默认值是关闭的。因为一旦开启记录通用查询日志，MySQL 会记录所有的连接起止和相关的SQL操作，这样会消耗系统资源并且占用磁盘空间。我们可以通过手动修改变量的值，在要的时候开启日志。

- 说明2:通用查询日志文件的名称是主机.log(hadoop102.log)。存储路径是/var/lib/mysql/，默认也是数据路径。这样我们就知道在哪里可以查看通用查询日志的内容了
  


##### **2.2** **启动日志**

**方式1：永久性方式**

```ini
[mysqld] 
general_log=ON 
general_log_file=[path[filename]] #日志文件所在目录路径，filename为日志文件名
```

**方式2：临时性方式**

```mysql
SET GLOBAL general_log=on; # 开启通用查询日志
SET GLOBAL general_log_file=’path/filename’; # 设置日志文件保存位置
SET GLOBAL general_log=off; # 关闭通用查询日志
SHOW VARIABLES LIKE 'general_log%'; # 查看设置后情况
```

##### **2.3** **停止日志**

**方式1：永久性方式**

```ini
[mysqld] 
general_log=OFF
```

**方式2：临时性方式**

```mysql
SET GLOBAL general_log=off;
SHOW VARIABLES LIKE 'general_log%';
```

##### 2.4 查看日志

通用查询日志是以文本文件 的形式存储在文件系统中的，可以使用文本编辑器 直接打开日志文件。每台MySQL服务器的通用查询日志内容是不同的。

- 在Windows操作系统中，使用文本文件查看器；
- 在Linux系统中，可以使用vi工具或者gedit工具查看；
- 在Mac OSX系统中，可以使用文本文件查看器或者vi等工具查看。

从SHOW VARIABLES LIKE ‘general_log%’; 结果中可以看到通用查询日志的位置。

```mysql
[root@hadoop102 mysql]# cat hadoop102.log 
/usr/sbin/mysqld, Version: 8.0.25 (MySQL Community Server - GPL). started with:
Tcp port: 3306  Unix socket: /var/lib/mysql/mysql.sock
Time                 Id Command    Argument
2023-07-09T11:06:37.920806Z	   12 Query	SHOW VARIABLES LIKE '%general%'
2023-07-10T00:49:48.408063Z	   12 Quit	
/usr/sbin/mysqld, Version: 8.0.25 (MySQL Community Server - GPL). started with:
Tcp port: 3306  Unix socket: /var/lib/mysql/mysql.sock
Time                 Id Command    Argument
2023-07-22T06:29:01.004735Z	   11 Query	SELECT DATABASE()
2023-07-22T06:29:01.004903Z	   11 Init DB	atguigudb2
2023-07-22T06:29:01.005518Z	   11 Query	show databases
2023-07-22T06:29:01.006686Z	   11 Query	show tables
2023-07-22T06:29:01.007981Z	   11 Field List	a 
2023-07-22T06:29:01.008874Z	   11 Field List	b 
2023-07-22T06:29:01.009481Z	   11 Field List	book 
2023-07-22T06:29:01.010170Z	   11 Field List	class 
2023-07-22T06:29:01.011040Z	   11 Field List	student 
2023-07-22T06:29:01.011209Z	   11 Field List	type 
2023-07-22T06:29:01.011303Z	   11 Field List	user3 
2023-07-22T06:29:13.504517Z	   11 Query	select * from student
2023-07-22T06:29:32.236803Z	   11 Query	select * from type
2023-07-22T06:29:58.236644Z	   11 Quit	
```



#### **3.错误日志(error log)** 

错误日志记录了MySQL服务器启动、停止运行的时间，以及系统启动、运行和停止过程中的诊断信息，包括`错误`、`警告`和`提示`等。

通过错误日志可以查看系统的运行状态，便于即时发现故障、修复故障。如果MysQL服务`出现异常`，错误日志是发现问题、解决故障的`首选`。

##### **3.1** **启动日志**

在MySQL数据库中，错误日志功能是`默认开启`的。而且，错误日志`无法被禁止`。

```ini
[mysqld] 
log-error=[path/[filename]] #path为日志文件所在的目录路径，filename为日志文件名
```

##### **3.2** **查看日志**

```mysql
mysql> SHOW VARIABLES LIKE 'log_err%';
```

```mysql
mysql> SHOW VARIABLES LIKE 'log_err%';
+----------------------------+----------------------------------------+
| Variable_name              | Value                                  |
+----------------------------+----------------------------------------+
| log_error                  | /var/log/mysqld.log                    |
| log_error_services         | log_filter_internal; log_sink_internal |
| log_error_suppression_list |                                        |
| log_error_verbosity        | 2                                      |
+----------------------------+----------------------------------------+
4 rows in set (0.00 sec)
```

执行结果中可以看到错误日志文件是mysqld.log，位于MySQL默认的数据目录下。

下面我们查看一下错误日志的内容。

```mysql
[root@hadoop102 log]# cat mysqld.log
2022-05-09T13:36:18.316947Z 0 [System] [MY-013169] [Server] /usr/sbin/mysqld (mysqld 8.0.25) initializing of server in progress as process 8770
2022-05-09T13:36:18.339461Z 1 [System] [MY-013576] [InnoDB] InnoDB initialization has started.
2022-05-09T13:36:18.969919Z 1 [System] [MY-013577] [InnoDB] InnoDB initialization has ended.
2022-05-09T13:36:20.519755Z 6 [Note] [MY-010454] [Server] A temporary password is generated for root@localhost: wtOQr<yC9NHM
2022-05-09T13:37:00.981062Z 0 [System] [MY-010116] [Server] /usr/sbin/mysqld (mysqld 8.0.25) starting as process 8872
2022-05-09T13:37:00.993416Z 1 [System] [MY-013576] [InnoDB] InnoDB initialization has started.
2022-05-09T13:37:01.118904Z 1 [System] [MY-013577] [InnoDB] InnoDB initialization has ended.
2022-05-09T13:37:01.211523Z 0 [System] [MY-011323] [Server] X Plugin ready for connections. Bind-address: '::' port: 33060, socket: /var/run/mysqld/mysqlx.sock
//...
```

可以看到，错误日志文件中记录了服务器启动的时间，以及存储引擎InnoDB启动和停止等，我们在做初始化时候生成的数据库初始密码也是记录在error.log中。

##### **3.3** **删除\刷新日志**

对于很久以前的错误日志，数据库管理员查看这些错误日志的可能性不大，可以将这些错误日志删除，以保证MySQL服务器上的 硬盘空间 。MySQL的错误日志是以**文本文件**的形式存储在文件系统中的，可以直接删除。

- 第1步(方式1)︰删除操作 rm （ 在运行状态下删除错误日志文件后，MySQL并不会自动创建日志文件）
- 第1步(方式2)︰重命名文件 mv
- 第2步：重建日志 mysqladmin -uroot -p flush-logs

可能报错

```mysql
[root@atguigu01 log]# mysqladmin -uroot -p flush-logs
Enter password:
mysqladmin: refresh failed; error: 'Could not open file '/var/log/mysqld.log' for error logging.'
```

执行下面的命令

```shell
install -omysql -gmysql -m0644 /dev/null /var/log/mysqld.log
mysqladmin -uroot -p flush-logs
```

#### **4.** ==二进制日志(bin log)==

binlog可以说是MySQL中比较 重要 的日志了，在日常开发及运维过程中，经常会遇到。

binlog即binary log，二进制日志文件，也叫作**变更日志**（update log）。它记录了数据库所有执行的DD 和 DML 等数据库更新事件的语句，但是不包含没有修改任何数据的语句（如数据查询语句select、show等）。

它以事件形式记录并保存在二进制文件中。通过这些信息，我们可以再现数据更新操作的全过程。

>如果想要记录所有语句（例如，为了识别有问题的查询)，需要使用通用查询日志。

binlog主要应用场景:

- 一是用于**数据恢复，**如果MySQL数据库意外停止，可以通过二进制日志文件来查看用户执行了哪些操作，对数据库服务器文件做了哪些修改，然后根据二进制日志文件中的记录来恢复数据库服务器。
- 二是用于**数据复制**，由于日志的延续性和时效性，master把它的二进制日志传递给slaves来达到master-slave数据—致的目的。可以说MySQL数据库的数据备份、主备、主主、主从都离不开binlog，需要依靠binlog来同步数据，保证数据—致性。

![ca708dc378598a80f9dbeba33257fed2](./%E7%AC%AC17%E7%AB%A0%20%E5%85%B6%E5%AE%83%E6%95%B0%E6%8D%AE%E5%BA%93%E6%97%A5%E5%BF%97.assets/ca708dc378598a80f9dbeba33257fed2.png)

##### **4.1** **查看默认情况**



```mysql
mysql> show variables like '%log_bin%';

# 默认是开启的
mysql> show variables like '%log_bin%';
+---------------------------------+-----------------------------+
| Variable_name                   | Value                       |
+---------------------------------+-----------------------------+
| log_bin                         | ON                          |
| log_bin_basename                | /var/lib/mysql/binlog       |
| log_bin_index                   | /var/lib/mysql/binlog.index |
| log_bin_trust_function_creators | OFF                         |
| log_bin_use_v1_row_events       | OFF                         |
| sql_log_bin                     | ON                          |
+---------------------------------+-----------------------------+
6 rows in set (0.00 sec)

```

- log_bin_basename : 是binlog日志的基本文件名，后面会追加标识来表示每一个文件

- log_bin_index:是binlog文件的索引文件，这个文件管理了所有的binlog文件的目录

- log_bin_trust_function_creators: 限制存储过程，前面我们已经讲过了，这是因为二进制日志的一个重要功能是用于主从复制，而存储函数有可能导致主从的数据不一致。所以当开启二进制日志后，需要限制存储函数的创建、修改、调用

- log_bin_use_v1_row_events ：此只读系统变量已弃用。ON表示使用版本1二进制日志行，OFF表示使用版本2二进制日志行(MysQL 5.6的默认值为2)。


**每次服务重启，都会新创建一个binlog**
![98cfa94a495938cc16a9c3d055e7a146](./%E7%AC%AC17%E7%AB%A0%20%E5%85%B6%E5%AE%83%E6%95%B0%E6%8D%AE%E5%BA%93%E6%97%A5%E5%BF%97.assets/98cfa94a495938cc16a9c3d055e7a146.png)

##### **4.2** **日志参数设置**

**方式1：永久性方式**

```ini
[mysqld] 
#启用二进制日志 
log-bin=atguigu-bin 
binlog_expire_logs_seconds=600 max_binlog_size=100M
```

```ini
[mysqld]
#启用二进制日志
log-bin=atguigu-bin  # 改文件名
binlog_expire_logs_seconds=600
max_binlog_size=100M
```

> 提示:
>
> - log-bin=mysql-bin #打开日志(主机需要打开)，这个mysql-bin也可以自定义，这里也可以加上路径，如: /home/www/mysql_bin_log/mysql-bin
> - binlog_expire_logs_seconds:此参数控制二进制日志文件保留的时长，单位是秒，默认2592000 3(天-- 14400 4小时; 86400 1天; 259200 3天;
> - max_binlog_size:控制单个二进制日志大小，当前日志文件大小超过此变量时，执行切换动作。此参数的最大和默认值是1GB，该设置并不能严格控制Binlog的大小，尤其是Binlog比较靠近最大值而又遇到一个比较大事务时，为了保证事务的完整性，可能不做切换日志的动作，只能将该事务的所有SQL都记录进当前日志，直到事务结束。一般情况下可采取默认值

重新启动MySQL服务，查询二进制日志的信息，执行结果：

![196215f0b012280ea0361596ffec61b3](./%E7%AC%AC17%E7%AB%A0%20%E5%85%B6%E5%AE%83%E6%95%B0%E6%8D%AE%E5%BA%93%E6%97%A5%E5%BF%97.assets/196215f0b012280ea0361596ffec61b3.png)

**设置带文件夹的bin-log日志存放目录**

如果想改变日志文件的目录和名称，可以对my.cnf或my.ini中的log_bin参数修改如下：

```ini
[mysqld] 
log-bin="/var/lib/mysql/binlog/atguigu-bin"
```

注意：新建的文件夹需要使用mysql用户，使用下面的命令即可。

```shell
chown -R -v mysql:mysql binlog
```

> 数据库文件最后不要和二进制文件放在一个路径下

**方式2：临时性方式**

```mysql
# global 级别 
mysql> set global sql_log_bin=0; 
ERROR 1228 (HY000): Variable 'sql_log_bin' is a SESSION variable and can`t be used with SET GLOBAL 

# session级别 
mysql> SET sql_log_bin=0; 
Query OK, 0 rows affected (0.01 秒)
```

##### **4.3** **查看日志**

当MySQL创建二进制日志文件时，先创建一个以“filename”为名称、以“.index”为后缀的文件，再创建一个以“filename”为名称、以“.000001”为后缀的文件。

MySQL服务 重新启动一次 ，以“.000001”为后缀的文件就会增加一个，并且后缀名按1递增。即日志文件的个数与MySQL服务启动的次数相同；如果日志长度超过了 max_binlog_size 的上限（默认是1GB），就会创建一个新的日志文件。

查看当前的二进制日志文件列表及大小。指令如下：

```mysql
mysql> SHOW BINARY LOGS; 
ERROR 2013 (HY000): Lost connection to MySQL server during query
No connection. Trying to reconnect...
Connection id:    8
Current database: *** NONE ***

+--------------------+-----------+-----------+
| Log_name           | File_size | Encrypted |
+--------------------+-----------+-----------+
| atguigu-bin.000001 |       179 | No        |
| atguigu-bin.000002 |       156 | No        |
+--------------------+-----------+-----------+
2 rows in set (0.00 sec)

```

**所有对数据库的修改都会记录在binglog中。但binlog是二进制文件，无法直接查看，想要更直观的观测它就要借助`mysqlbinlog`命令工具了**。指令如下:在查看执行，先执行两条SQL语句，如下

```mysql
insert into student(id,name,class) values(18,'Jerry','四班');
update student set name = 'Tom' where id = 15;
```

开始查看binlog

```mysql
mysqlbinlog -v "/var/lib/mysql/binlog/atguigu-bin.000002"

# 不显示binlog格式的语句
mysqlbinlog -v --base64-output=DECODE-ROWS "/var/lib/mysql/binlog/atguigu-bin.000002"
```

```mysql
# 可查看参数帮助 
mysqlbinlog --no-defaults --help 

# 查看最后100行 
mysqlbinlog --no-defaults --base64-output=decode-rows -vv atguigu-bin.000002 |tail -100 

# 根据position查找 
mysqlbinlog --no-defaults --base64-output=decode-rows -vv atguigu-bin.000002 |grep -A20 '4939002'
```



**上面这种办法读取出binlog日志的全文内容比较多，不容易分辨查看到pos点信息，下面介绍一种更为方便的查询命令：**

```mysql
mysql> show binlog events [IN 'log_name'] [FROM pos] [LIMIT [offset,] row_count];
```

- `IN 'log_name'`：指定要查询的binlog文件名（不指定就是第一个binlog文件）　
- `FROM pos`：指定从哪个pos起始点开始查起（不指定就是从整个文件首个pos点开始算）
- `LIMIT [offset]`：偏移量(不指定就是0) 
- `row_count`:查询总条数（不指定就是所有行）

```mysql
mysql> show binlog events in 'atguigu-bin.000002';
```



##### **4.4** **使用日志恢复数据**

mysqlbinlog恢复数据的语法如下：

```shell
mysqlbinlog [option] filename|mysql –uuser -ppass;
```

- `filename`：是日志文件名。
- `option`：可选项，比较重要的两对option参数是--start-date、--stop-date 和 --start-position、-- stop-position。 
  - `--start-date 和 --stop-date`：可以指定恢复数据库的起始时间点和结束时间点。
  - `--start-position和--stop-position`：可以指定恢复数据的开始位置和结束位置。

> 注意：使用mysqlbinlog命令进行恢复操作时，必须是编号小的先恢复，例如atguigu-bin.000001必须在atguigu-bin.000002之前恢复。

##### **4.5** **删除二进制日志**

**1. PURGE MASTER LOGS：删除指定日志文件**

```mysql
PURGE {MASTER | BINARY} LOGS TO ‘指定日志文件名’ 
PURGE {MASTER | BINARY} LOGS BEFORE ‘指定日期’
```

#### ==**5.** **再谈二进制日志(binlog)==** 

##### **5.1** **写入机制** 

binlog的写入时机也非常简单，事务执行过程中，先把日志写到`binlog cache`，事务提交的时候，再把binlog cache写到binlog文件中。因为一个事务的binlog不能被拆开，无论这个事务多大，也要确保一次性写入，所以系统会给每个线程分配一个块内存作为binlog cache。

我们可以通过`binlog_cache_size`参数控制单个线程binlog cache大小，如果存储内容超过了这个参数，就要暂存到磁盘(Swap)。binlog日志刷盘流程如下:

![a677bcef63df83e0d1c5c5ae8caf5d17](./%E7%AC%AC17%E7%AB%A0%20%E5%85%B6%E5%AE%83%E6%95%B0%E6%8D%AE%E5%BA%93%E6%97%A5%E5%BF%97.assets/a677bcef63df83e0d1c5c5ae8caf5d17.png)

write和fsync的时机，可以由参数`sync_binlog`控制，默认是 `0`。为0的时候，表示每次提交事务都只write，由系统自行判断什么时候执行fsync。虽然性能得到提升，但是机器宕机，page cache里面的binglog 会丢失。如下图：

![cc4192b43863c5c693b05f18a07a5627](./%E7%AC%AC17%E7%AB%A0%20%E5%85%B6%E5%AE%83%E6%95%B0%E6%8D%AE%E5%BA%93%E6%97%A5%E5%BF%97.assets/cc4192b43863c5c693b05f18a07a5627.png)

为了安全起见，**可以设置为`1`，表示每次提交事务都会执行fsync**，就如同**redo log** **刷盘流程**一样。

最后还有一种折中方式，可**以设置为N(N>1)，表示每次提交事务都write，但累积N个事务后才fsync。**

![247e091321a3a14d54e59990cc02f31c](./%E7%AC%AC17%E7%AB%A0%20%E5%85%B6%E5%AE%83%E6%95%B0%E6%8D%AE%E5%BA%93%E6%97%A5%E5%BF%97.assets/247e091321a3a14d54e59990cc02f31c.png)

在出现IO瓶颈的场景里，将sync_binlog设置成一个比较大的值，可以提升性能。同样的，如果机器宕机，会丢失最近N个事务的binlog日志。



##### **5.2 binlog与redolog对比**

- redo log 它是`物理日志`，记录内容是“在某个数据页上做了什么修改”，属于 InnoDB 存储引擎层产生的。
- 而 binlog 是`逻辑日志`，记录内容是语句的原始逻辑，类似于“给 ID=2 这一行的 c 字段加 1”，属于MySQL Server 层。
- 虽然它们都属于持久化的保证，但是侧重点不同。
  - redo log 让InnoDB存储引擎拥有了崩溃恢复能力。
  - binlog保证了MySQL集群架构的数据一致性

##### **5.3** **两阶段提交**

在执行更新语句过程，会记录redo log与binlog两块日志，以基本的事务为单位，**redo log在事务执行过程中可以不断写入，而binlog只有在提交事务时才写入，所以redo log与binlog的`写入时机`不一样。**

![6b3f460ea5fc25e555117c1d973caac1](./%E7%AC%AC17%E7%AB%A0%20%E5%85%B6%E5%AE%83%E6%95%B0%E6%8D%AE%E5%BA%93%E6%97%A5%E5%BF%97.assets/6b3f460ea5fc25e555117c1d973caac1.png)

redo log与binlog两份日志之间的逻辑不一致，会出现什么问题？

以update语句为例，假设id=2的记录，字段c值是0，把字段c值更新成1，SQL语句为update T set c=1 where id=2。

假设执行过程中写完redo log日志后，binlog日志写期间发生了异常，会出现什么情况呢?


![770160bfb24a05685bb615563154e94e](./%E7%AC%AC17%E7%AB%A0%20%E5%85%B6%E5%AE%83%E6%95%B0%E6%8D%AE%E5%BA%93%E6%97%A5%E5%BF%97.assets/770160bfb24a05685bb615563154e94e.png)

由于binlog没写完就异常，这时候binlog里面没有对应的修改记录。因此，之后用binlog日志恢复数据时，就会少这一次更新，恢复出来的这一行c值是0，而原库因为redo log日志恢复，这一行c值是1，最终数据不一致。

![86dfadb2c7a8d65a22442dc1a0e3ecaf](./%E7%AC%AC17%E7%AB%A0%20%E5%85%B6%E5%AE%83%E6%95%B0%E6%8D%AE%E5%BA%93%E6%97%A5%E5%BF%97.assets/86dfadb2c7a8d65a22442dc1a0e3ecaf.png)

为了解决两份日志之间的逻辑一致问题，InnoDB存储引擎使用两阶段提交方案。原理很简单，**将redo log的写入拆成了两个步骤prepare和commit，这就是`两阶段提交`。**

![9ba946be43ac83a2a73167f0884169c3](./%E7%AC%AC17%E7%AB%A0%20%E5%85%B6%E5%AE%83%E6%95%B0%E6%8D%AE%E5%BA%93%E6%97%A5%E5%BF%97.assets/9ba946be43ac83a2a73167f0884169c3.png)

使用`两阶段提交`后，写入binlog时发生异常也不会有影响，因为MySQL根据redo log日志恢复数据时，发现redolog还处于prepare阶段，并且没有对应binlog日志，就会回滚该事务。

![dabffd05d0bb188136980fc78459bf31](./%E7%AC%AC17%E7%AB%A0%20%E5%85%B6%E5%AE%83%E6%95%B0%E6%8D%AE%E5%BA%93%E6%97%A5%E5%BF%97.assets/dabffd05d0bb188136980fc78459bf31.png)

另一个场景，redo log设置commit阶段发生异常，那会不会回滚事务呢？

![5da35f27b4177d1db4def94b362f6268](./%E7%AC%AC17%E7%AB%A0%20%E5%85%B6%E5%AE%83%E6%95%B0%E6%8D%AE%E5%BA%93%E6%97%A5%E5%BF%97.assets/5da35f27b4177d1db4def94b362f6268.png)

并不会回滚事务，它会执行上图框住的逻辑，虽然redo log是处于prepare阶段，但是能通过事务id找到对应的binlog日志，所以MySQL认为是完整的，就会提交事务恢复数据。

#### **6.** **中继日志(relay log)** (没仔细听)

##### **6.1** **介绍**

**中继日志只在主从服务器架构的从服务器上存在**。从服务器为了与主服务器保持一致，要从主服务器读取二进制日志的内容，并且把读取到的信息写入`本地的日志文件`中，这个从服务器本地的日志文件就叫`中继日志`。然后，从服务器读取中继日志，并根据中继日志的内容对从服务器的数据进行更新，完成主从服务器的`数据同步`。

搭建好主从服务器之后，中继日志默认会保存在从服务器的数据目录下。

文件名的格式是：` 从服务器名 -relay-bin.序号` 。中继日志还有一个索引文件： `从服务器名 -relay-bin.index` ，用来定位当前正在使用的中继日志。

![4917cb9f9fec2f218b66c0205226f2c3](./%E7%AC%AC17%E7%AB%A0%20%E5%85%B6%E5%AE%83%E6%95%B0%E6%8D%AE%E5%BA%93%E6%97%A5%E5%BF%97.assets/4917cb9f9fec2f218b66c0205226f2c3.png)

##### **6.2** **恢复的典型错误**

如果从服务器宕机，有的时候为了系统恢复，要重装操作系统，这样就可能会导致你的`服务器名称`与之前`不同`。而中继日志里是`包含从服务器名`的。在这种情况下，就可能导致你恢复从服务器的时候，无法从宕机前的中继日志里读取数据，以为是日志文件损坏了，其实是名称不对了。

解决的方法也很简单，把从服务器的名称改回之前的名称。